[2025-12-18T18:13:45.314Z] ❌ Aruba findByUsername errore: ARUBA_USERNAME non configurato
[2025-12-18T18:13:53.880Z] 🔎 Aruba findByUsername start (user=ARUBA17044041006)
[2025-12-18T18:13:53.882Z] Aruba auth start
[2025-12-18T18:13:54.128Z] Aruba auth OK
[2025-12-18T18:13:54.207Z] ❌ Aruba findByUsername errore: Request failed with status code 404
[2025-12-18T18:14:13.852Z] 🔎 Aruba findByUsername start (user=ARUBA17044041006)
[2025-12-18T18:14:13.854Z] Aruba auth start
[2025-12-18T18:14:14.081Z] Aruba auth OK
[2025-12-18T18:14:14.163Z] ⚠️  Aruba findByUsername errore page=0 status=404 body="<html>\r\n<head><title>404 Not Found</title></head>\r\n<body>\r\n<center><h1>404 Not Found</h1></center>\r\n<hr><center>nginx</center>\r\n</body>\r\n</html>\r\n"
[2025-12-18T18:14:14.163Z] 🔚 Aruba findByUsername completata: totale righe loggate=0
[2025-12-18T18:19:33.250Z] 🔎 Aruba findByUsername start (user=ARUBA17044041006)
[2025-12-18T18:19:33.252Z] Aruba auth start
[2025-12-18T18:19:33.514Z] Aruba auth OK
[2025-12-18T18:19:33.814Z] Aruba page 0: trovate 100 fatture
[2025-12-18T18:19:33.814Z]  - 932/FE | file=SM03473_FHjXV.xml | id=6943c50b8e6fb3823f55a17d
[2025-12-18T18:19:33.814Z]  - 525517714600 | file=IT12883420155_61PGs.xml | id=6942d9dba02f372cebc03067
[2025-12-18T18:19:33.814Z]  - 289 | file=NL10209790152_LKsbA.xml.p7m | id=6941a367a02f372cebbe26ef
[2025-12-18T18:19:33.814Z]  - 0200072-151225RBC | file=NL10209790152_LJZ4f.xml | id=693fda230875d1a463e70b2d
[2025-12-18T18:19:33.814Z]  - 0200073-151225RBC | file=NL10209790152_LJZ4g.xml | id=693fd9d9b83bcdf3a352e2ac
[2025-12-18T18:19:33.814Z]  - 3489 | file=IT10571761005_00SQ3.xml | id=693d42d85e17940d9aa86278
[2025-12-18T18:19:33.814Z]  - 1/1490 | file=SM03473_FF99m.xml | id=693d2d36b12e9c2506cc65fe
[2025-12-18T18:19:33.815Z]  - 3508 | file=IT10571761005_00SN5.xml | id=693d1cdbeb745f930b0a785c
[2025-12-18T18:19:33.815Z]  - 01059 | file=IT10442360961ACB25_0VNsU.xml | id=693bfefeb83bcdf3a34df3a5
[2025-12-18T18:19:33.815Z]  - 771/C | file=IT14581841005_00J5J.xml.p7m | id=693b6b9d7e64792d71a4a6ab
[2025-12-18T18:19:33.815Z]  - 0200071-101225RBC | file=NL10209790152_LGfxh.xml | id=693a7a855e17940d9aa2b523
[2025-12-18T18:19:33.815Z]  - 0200066-101225RBC | file=NL10209790152_LGfxY.xml | id=693a79ab5e17940d9aa2b248
[2025-12-18T18:19:33.815Z]  - 0200065-101225RBC | file=NL10209790152_LGfxX.xml | id=693a790da02f372cebb1894f
[2025-12-18T18:19:33.815Z]  - 0200062-101225RBC | file=NL10209790152_LGfxQ.xml | id=693a78560875d1a463ded7e0
[2025-12-18T18:19:33.816Z]  - 0200057-101225RBC | file=NL10209790152_LGfxE.xml | id=693a763ca02f372cebb1815d
[2025-12-18T18:19:33.816Z]  - 0200055-101225RBC | file=NL10209790152_LGfx8.xml | id=693a7594a02f372cebb17f27
[2025-12-18T18:19:33.816Z]  - 0200054-101225RBC | file=NL10209790152_LGfx7.xml | id=693a7482357b385919602b38
[2025-12-18T18:19:33.816Z]  - 1/1423 | file=SM03473_FELhG.xml | id=6939b20e8e6fb3823f43d647
[2025-12-18T18:19:33.816Z]  - 0200060-101225RBC | file=NL10209790152_LGfxM.xml | id=693964c1a02f372cebaf850e
[2025-12-18T18:19:33.816Z]  - 0100001-101225RBC | file=NL10209790152_LGfwu.xml | id=693964a68e6fb3823f432502
[2025-12-18T18:19:33.816Z]  - 0200056-101225RBC | file=NL10209790152_LGfxD.xml | id=6939649aa02f372cebaf849f
[2025-12-18T18:19:33.816Z]  - 0200052-101225RBC | file=NL10209790152_LGfx3.xml | id=6939649a7e64792d71a0931a
[2025-12-18T18:19:33.816Z]  - 0200051-101225RBC | file=NL10209790152_LGfx1.xml | id=693964980875d1a463dcd547
[2025-12-18T18:19:33.816Z]  - 0200058-101225RBC | file=NL10209790152_LGfxH.xml | id=6939648f7e64792d71a092e6
[2025-12-18T18:19:33.817Z]  - 0200068-101225RBC | file=NL10209790152_LGfxc.xml | id=6939648d207bdd9c6f5a3709
[2025-12-18T18:19:33.817Z]  - 0200063-101225RBC | file=NL10209790152_LGfxT.xml | id=6939648d7e64792d71a092d8
[2025-12-18T18:19:33.817Z]  - 0200050-101225RBC | file=NL10209790152_LGfx0.xml | id=6939647cb12e9c2506c4c6d1
[2025-12-18T18:19:33.817Z]  - 0200064-101225RBC | file=NL10209790152_LGfxW.xml | id=6939647a0875d1a463dcd4f2
[2025-12-18T18:19:33.817Z]  - 0200069-101225RBC | file=NL10209790152_LGfxe.xml | id=693964697e64792d71a0923a
[2025-12-18T18:19:33.817Z]  - 0200061-101225RBC | file=NL10209790152_LGfxO.xml | id=6939645d357b3859195e2c0b
[2025-12-18T18:19:33.817Z]  - 0200059-101225RBC | file=NL10209790152_LGfxJ.xml | id=6939645c207bdd9c6f5a366c
[2025-12-18T18:19:33.817Z]  - 0200067-101225RBC | file=NL10209790152_LGfxb.xml | id=6939645b207bdd9c6f5a3663
[2025-12-18T18:19:33.817Z]  - 0200070-101225RBC | file=NL10209790152_LGfxg.xml | id=6939645a0875d1a463dcd44f
[2025-12-18T18:19:33.817Z]  - 0200053-101225RBC | file=NL10209790152_LGfx4.xml | id=693964588e6fb3823f4323ed
[2025-12-18T18:19:33.817Z]  - 2025-351662 | file=IT10442360961ACB25_0UY3q.xml | id=6932dd358e6fb3823f3a8e3d
[2025-12-18T18:19:33.817Z]  - 99 | file=IT016417907022025Z_0cpby.xml | id=69317c210875d1a463d1667f
[2025-12-18T18:19:33.817Z]  - H1154 | file=IT08360851003_00CDF.xml | id=6930ca8759128d315e497af4
[2025-12-18T18:19:33.817Z]  - 597A/- | file=IT01652880442_1jgix.xml | id=693047860113cce9393c3692
[2025-12-18T18:19:33.818Z]  - 245/52 | file=IT03466010232_6XpAt.xml | id=692fdf235e17940d9a910508
[2025-12-18T18:19:33.818Z]  - 4600123509 | file=IT02098391200_6CZbE.xml.p7m | id=692fb2b9b83bcdf3a3390c60
[2025-12-18T18:19:33.818Z]  - 199/E | file=NL10209790152_LBPGh.xml.p7m | id=692f45800113cce939396b25
[2025-12-18T18:19:33.818Z]  - IT2797245 | file=IT06157670966_7FssA.xml | id=692e77868e6fb3823f2f931d
[2025-12-18T18:19:33.818Z]  - 14/10 | file=IT02046570426_dwlQp.xml.p7m | id=692e0171b12e9c2506af5b1a
[2025-12-18T18:19:33.818Z]  - 239/52 | file=IT03466010232_6X1XX.xml | id=692a99080875d1a463c2f0cb
[2025-12-18T18:19:33.818Z]  - 10 | file=NL10209790152_L6fGq.xml.p7m | id=6926ec2459128d315e361c27
[2025-12-18T18:19:33.818Z]  - 2025F001561810 | file=IT13378520152_SSLBY.xml | id=69268818a02f372ceb8e209e
[2025-12-18T18:19:33.818Z]  - 2011266529 | file=IT01378570350_nJTKE.xml | id=692619a8357b3859193cf526
[2025-12-18T18:19:33.818Z]  - 000000073788196T | file=IT0526289001425327_LZHA6.xml | id=6922677db83bcdf3a321ec6d
[2025-12-18T18:19:33.818Z]  - 000000310022900P | file=IT0526289001425327_M55V1.xml | id=692265d88e6fb3823f1c0070
[2025-12-18T18:19:33.818Z]  - 0000000018593875 | file=IT0526289001425327_M55FV.xml | id=692265c9b12e9c25069d14bc
[2025-12-18T18:19:33.818Z]  - 000000008117656D | file=IT0526289001425327_LYRLQ.xml | id=692257c87e64792d71793ee8
[2025-12-18T18:19:33.818Z]  - 235/52 | file=IT03466010232_6VxHz.xml | id=692013f459128d315e2d927b
[2025-12-18T18:19:33.819Z]  - 1080/2025/IMM | file=IT04204200135_02dx7.xml | id=691f75090113cce939201c9e
[2025-12-18T18:19:33.819Z]  - 1000253009106094 | file=IT01879020517A2025_hupCY.xml.p7m | id=691abbde947d50334166f45b
[2025-12-18T18:19:33.819Z]  - IT500005LHV8FI | file=IT08973230967_Dfr5w.xml | id=69148548e9721544d84b0311
[2025-12-18T18:19:33.819Z]  - 84 | file=IT016417907022025z_0bxLl.xml | id=6914421e947d5033415e18ac
[2025-12-18T18:19:33.819Z]  - 2025/9003107174 | file=IT01879020517A2025_hn1ze.xml.p7m | id=691411df910aab33c99eb637
[2025-12-18T18:19:33.819Z]  - 228/52 | file=IT03466010232_6UKh0.xml | id=6912e20ff05aea12821425b5
[2025-12-18T18:19:33.819Z]  - LA00376372 | file=IT12878470157_Nq51X.xml.p7m | id=6912d0be947d5033415b32ac
[2025-12-18T18:19:33.819Z]  - 00955 | file=IT10442360961ACB25_0S7yM.xml | id=69128a6b874d1b6e5a5842f7
[2025-12-18T18:19:33.819Z]  - 187/E | file=NL10209790152_KxnWQ.xml.p7m | id=691264b18b0e04fd4767a143
[2025-12-18T18:19:33.819Z]  - 19 | file=NL10209790152_Kw4b5.xml.p7m | id=690df3858b0e04fd4761cad2
[2025-12-18T18:19:33.819Z]  - 18 | file=NL10209790152_Kw4Wn.xml.p7m | id=690dd103e7681359227b7f48
[2025-12-18T18:19:33.819Z]  - 2087/CE | file=IT01879020517A2025_heQS8.xml.p7m | id=690c86fee9721544d83dc420
[2025-12-18T18:19:33.819Z]  - FPR 526/25 | file=IT01879020517A2025_heIqQ.xml.p7m | id=690c7c4f910aab33c99203fa
[2025-12-18T18:19:33.819Z]  - 1000253008768036 | file=IT01879020517A2025_hdWSC.xml.p7m | id=690c1e36980854437a2cc4ad
[2025-12-18T18:19:33.819Z]  - 2025-318723 | file=IT10442360961ACB25_0RQ3y.xml | id=690b24d2f1540901026662c2
[2025-12-18T18:19:33.819Z]  - 222/52 | file=IT03466010232_6TJmX.xml | id=690af601f05aea128206d8aa
[2025-12-18T18:19:33.819Z]  - 4600111036 | file=IT02098391200_6Afc6.xml.p7m | id=690a922d874d1b6e5a4b0d01
[2025-12-18T18:19:33.819Z]  - 1/1331 | file=SM03473_ExnBq.xml | id=690a5d655f29623f52e18a1c
[2025-12-18T18:19:33.819Z]  - 181/E | file=NL10209790152_Krwqx.xml.p7m | id=69089ae0e7681359226f4ff9
[2025-12-18T18:19:33.820Z]  - FPR 162/25 | file=IT01879020517A2025_gXbGO.xml.p7m | id=69083c41947d50334146d9a6
[2025-12-18T18:19:33.820Z]  - IT2770389 | file=IT06157670966_7BbRu.xml | id=69083b08f1540901025e35fa
[2025-12-18T18:19:33.820Z]  - 1/3818 | file=SM03473_EueP7.xml.p7m | id=690352ed980854437a1c45fa
[2025-12-18T18:19:33.820Z]  - 9 | file=NL10209790152_KoDB5.xml.p7m | id=6900b70ce9721544d8278707
[2025-12-18T18:19:33.820Z]  - 525490-2025/F | file=IT01879020517A2025_gL0Zx.xml.p7m | id=68fc4677947d503341371a72
[2025-12-18T18:19:33.820Z]  - 202590465725 | file=IT09247981005_GEHvE.xml.p7m | id=68fc3db3910aab33c97825bf
[2025-12-18T18:19:33.820Z]  - 2011235840 | file=IT01378570350_mwroy.xml | id=68fb7b15947d50334136070e
[2025-12-18T18:19:33.820Z]  - FPR 1792/25 | file=IT01879020517A2025_gK2h2.xml.p7m | id=68fb44b4f05aea1282eec113
[2025-12-18T18:19:33.820Z]  - 17 | file=NL10209790152_KlyLu.xml.p7m | id=68f9fd8ee52b292dda9bbbb6
[2025-12-18T18:19:33.820Z]  - 000000071190558T | file=IT0526289001425296_F7NNC.xml | id=68f981165f29623f52c6a5d9
[2025-12-18T18:19:33.820Z]  - 000000007404945D | file=IT0526289001425296_FC0H1.xml | id=68f9790ce52b292dda9aec29
[2025-12-18T18:19:33.820Z]  - 0000000016177985 | file=IT0526289001425296_F5JFJ.xml | id=68f96cc08e74db86ef5ec238
[2025-12-18T18:19:33.820Z]  - 1/15 | file=SM03473_EqOLm.xml | id=68f5fc86947d5033412cccc5
[2025-12-18T18:19:33.820Z]  - 525514454701 | file=IT12883420155_34VJo.xml | id=68ef9e938e74db86ef50b5a9
[2025-12-18T18:19:33.820Z]  - 16 | file=NL10209790152_KhosC.xml.p7m | id=68ef68435f29623f52b7bdc2
[2025-12-18T18:19:33.820Z]  - 80 | file=IT016417907022025H_0aqiJ.xml | id=68ee0609f05aea1282db1a16
[2025-12-18T18:19:33.820Z]  - 202590443941 | file=IT09247981005_GEBr7.xml.p7m | id=68edb929980854437afd053f
[2025-12-18T18:19:33.821Z]  - FPR 480/25 | file=IT01879020517A2025_g5pF6.xml.p7m | id=68ecedeb947d503341206a2e
[2025-12-18T18:19:33.821Z]  - 0200044-131025RBC | file=NL10209790152_KgJ2q.xml | id=68ece037e76813592246384d
[2025-12-18T18:19:33.821Z]  - 0200042-131025RBC | file=NL10209790152_KgJ2j.xml | id=68ece030980854437afb57ee
[2025-12-18T18:19:33.821Z]  - 0200046-131025RBC | file=NL10209790152_KgJ2v.xml | id=68ecde9e5f29623f52b2bc75
[2025-12-18T18:19:33.821Z]  - 0200049-131025RBC | file=NL10209790152_KgJ33.xml | id=68ecde95e768135922462b6c
[2025-12-18T18:19:33.821Z]  - 0200040-131025RBC | file=NL10209790152_KgJ2c.xml | id=68ecde8d910aab33c96161d7
[2025-12-18T18:19:33.821Z]  - 0200041-131025RBC | file=NL10209790152_KgJ2h.xml | id=68ecde8a980854437afb51a1
[2025-12-18T18:19:33.821Z]  - 0200047-131025RBC | file=NL10209790152_KgJ2x.xml | id=68ecd9f6e9721544d80c01be
[2025-12-18T18:19:33.821Z]  - 0200043-131025RBC | file=NL10209790152_KgJ2p.xml | id=68ecd9d5874d1b6e5a1cc6a8
[2025-12-18T18:19:33.821Z]  - 0200045-131025RBC | file=NL10209790152_KgJ2s.xml | id=68ecd9cae76813592246141f
[2025-12-18T18:19:33.821Z]  - 0200048-131025RBC | file=NL10209790152_KgJ30.xml | id=68ecd9c78e74db86ef4b5eb9
[2025-12-18T18:19:33.821Z]  - 1/1251 | file=SM03473_EmXAm.xml | id=68e7e07df05aea1282d218dd
[2025-12-18T18:19:34.059Z] Aruba page 1: trovate 100 fatture
[2025-12-18T18:19:34.059Z]  - 932/FE | file=SM03473_FHjXV.xml | id=6943c50b8e6fb3823f55a17d
[2025-12-18T18:19:34.059Z]  - 525517714600 | file=IT12883420155_61PGs.xml | id=6942d9dba02f372cebc03067
[2025-12-18T18:19:34.059Z]  - 289 | file=NL10209790152_LKsbA.xml.p7m | id=6941a367a02f372cebbe26ef
[2025-12-18T18:19:34.059Z]  - 0200072-151225RBC | file=NL10209790152_LJZ4f.xml | id=693fda230875d1a463e70b2d
[2025-12-18T18:19:34.059Z]  - 0200073-151225RBC | file=NL10209790152_LJZ4g.xml | id=693fd9d9b83bcdf3a352e2ac
[2025-12-18T18:19:34.059Z]  - 3489 | file=IT10571761005_00SQ3.xml | id=693d42d85e17940d9aa86278
[2025-12-18T18:19:34.059Z]  - 1/1490 | file=SM03473_FF99m.xml | id=693d2d36b12e9c2506cc65fe
[2025-12-18T18:19:34.059Z]  - 3508 | file=IT10571761005_00SN5.xml | id=693d1cdbeb745f930b0a785c
[2025-12-18T18:19:34.059Z]  - 01059 | file=IT10442360961ACB25_0VNsU.xml | id=693bfefeb83bcdf3a34df3a5
[2025-12-18T18:19:34.059Z]  - 771/C | file=IT14581841005_00J5J.xml.p7m | id=693b6b9d7e64792d71a4a6ab
[2025-12-18T18:19:34.059Z]  - 0200071-101225RBC | file=NL10209790152_LGfxh.xml | id=693a7a855e17940d9aa2b523
[2025-12-18T18:19:34.059Z]  - 0200066-101225RBC | file=NL10209790152_LGfxY.xml | id=693a79ab5e17940d9aa2b248
[2025-12-18T18:19:34.059Z]  - 0200065-101225RBC | file=NL10209790152_LGfxX.xml | id=693a790da02f372cebb1894f
[2025-12-18T18:19:34.059Z]  - 0200062-101225RBC | file=NL10209790152_LGfxQ.xml | id=693a78560875d1a463ded7e0
[2025-12-18T18:19:34.060Z]  - 0200057-101225RBC | file=NL10209790152_LGfxE.xml | id=693a763ca02f372cebb1815d
[2025-12-18T18:19:34.060Z]  - 0200055-101225RBC | file=NL10209790152_LGfx8.xml | id=693a7594a02f372cebb17f27
[2025-12-18T18:19:34.060Z]  - 0200054-101225RBC | file=NL10209790152_LGfx7.xml | id=693a7482357b385919602b38
[2025-12-18T18:19:34.060Z]  - 1/1423 | file=SM03473_FELhG.xml | id=6939b20e8e6fb3823f43d647
[2025-12-18T18:19:34.060Z]  - 0200060-101225RBC | file=NL10209790152_LGfxM.xml | id=693964c1a02f372cebaf850e
[2025-12-18T18:19:34.060Z]  - 0100001-101225RBC | file=NL10209790152_LGfwu.xml | id=693964a68e6fb3823f432502
[2025-12-18T18:19:34.060Z]  - 0200056-101225RBC | file=NL10209790152_LGfxD.xml | id=6939649aa02f372cebaf849f
[2025-12-18T18:19:34.060Z]  - 0200052-101225RBC | file=NL10209790152_LGfx3.xml | id=6939649a7e64792d71a0931a
[2025-12-18T18:19:34.060Z]  - 0200051-101225RBC | file=NL10209790152_LGfx1.xml | id=693964980875d1a463dcd547
[2025-12-18T18:19:34.060Z]  - 0200058-101225RBC | file=NL10209790152_LGfxH.xml | id=6939648f7e64792d71a092e6
[2025-12-18T18:19:34.060Z]  - 0200068-101225RBC | file=NL10209790152_LGfxc.xml | id=6939648d207bdd9c6f5a3709
[2025-12-18T18:19:34.060Z]  - 0200063-101225RBC | file=NL10209790152_LGfxT.xml | id=6939648d7e64792d71a092d8
[2025-12-18T18:19:34.060Z]  - 0200050-101225RBC | file=NL10209790152_LGfx0.xml | id=6939647cb12e9c2506c4c6d1
[2025-12-18T18:19:34.060Z]  - 0200064-101225RBC | file=NL10209790152_LGfxW.xml | id=6939647a0875d1a463dcd4f2
[2025-12-18T18:19:34.060Z]  - 0200069-101225RBC | file=NL10209790152_LGfxe.xml | id=693964697e64792d71a0923a
[2025-12-18T18:19:34.060Z]  - 0200061-101225RBC | file=NL10209790152_LGfxO.xml | id=6939645d357b3859195e2c0b
[2025-12-18T18:19:34.061Z]  - 0200059-101225RBC | file=NL10209790152_LGfxJ.xml | id=6939645c207bdd9c6f5a366c
[2025-12-18T18:19:34.061Z]  - 0200067-101225RBC | file=NL10209790152_LGfxb.xml | id=6939645b207bdd9c6f5a3663
[2025-12-18T18:19:34.061Z]  - 0200070-101225RBC | file=NL10209790152_LGfxg.xml | id=6939645a0875d1a463dcd44f
[2025-12-18T18:19:34.061Z]  - 0200053-101225RBC | file=NL10209790152_LGfx4.xml | id=693964588e6fb3823f4323ed
[2025-12-18T18:19:34.061Z]  - 2025-351662 | file=IT10442360961ACB25_0UY3q.xml | id=6932dd358e6fb3823f3a8e3d
[2025-12-18T18:19:34.061Z]  - 99 | file=IT016417907022025Z_0cpby.xml | id=69317c210875d1a463d1667f
[2025-12-18T18:19:34.061Z]  - H1154 | file=IT08360851003_00CDF.xml | id=6930ca8759128d315e497af4
[2025-12-18T18:19:34.061Z]  - 597A/- | file=IT01652880442_1jgix.xml | id=693047860113cce9393c3692
[2025-12-18T18:19:34.061Z]  - 245/52 | file=IT03466010232_6XpAt.xml | id=692fdf235e17940d9a910508
[2025-12-18T18:19:34.061Z]  - 4600123509 | file=IT02098391200_6CZbE.xml.p7m | id=692fb2b9b83bcdf3a3390c60
[2025-12-18T18:19:34.061Z]  - 199/E | file=NL10209790152_LBPGh.xml.p7m | id=692f45800113cce939396b25
[2025-12-18T18:19:34.061Z]  - IT2797245 | file=IT06157670966_7FssA.xml | id=692e77868e6fb3823f2f931d
[2025-12-18T18:19:34.061Z]  - 14/10 | file=IT02046570426_dwlQp.xml.p7m | id=692e0171b12e9c2506af5b1a
[2025-12-18T18:19:34.061Z]  - 239/52 | file=IT03466010232_6X1XX.xml | id=692a99080875d1a463c2f0cb
[2025-12-18T18:19:34.062Z]  - 10 | file=NL10209790152_L6fGq.xml.p7m | id=6926ec2459128d315e361c27
[2025-12-18T18:19:34.062Z]  - 2025F001561810 | file=IT13378520152_SSLBY.xml | id=69268818a02f372ceb8e209e
[2025-12-18T18:19:34.062Z]  - 2011266529 | file=IT01378570350_nJTKE.xml | id=692619a8357b3859193cf526
[2025-12-18T18:19:34.062Z]  - 000000073788196T | file=IT0526289001425327_LZHA6.xml | id=6922677db83bcdf3a321ec6d
[2025-12-18T18:19:34.062Z]  - 000000310022900P | file=IT0526289001425327_M55V1.xml | id=692265d88e6fb3823f1c0070
[2025-12-18T18:19:34.062Z]  - 0000000018593875 | file=IT0526289001425327_M55FV.xml | id=692265c9b12e9c25069d14bc
[2025-12-18T18:19:34.062Z]  - 000000008117656D | file=IT0526289001425327_LYRLQ.xml | id=692257c87e64792d71793ee8
[2025-12-18T18:19:34.062Z]  - 235/52 | file=IT03466010232_6VxHz.xml | id=692013f459128d315e2d927b
[2025-12-18T18:19:34.062Z]  - 1080/2025/IMM | file=IT04204200135_02dx7.xml | id=691f75090113cce939201c9e
[2025-12-18T18:19:34.062Z]  - 1000253009106094 | file=IT01879020517A2025_hupCY.xml.p7m | id=691abbde947d50334166f45b
[2025-12-18T18:19:34.062Z]  - IT500005LHV8FI | file=IT08973230967_Dfr5w.xml | id=69148548e9721544d84b0311
[2025-12-18T18:19:34.062Z]  - 84 | file=IT016417907022025z_0bxLl.xml | id=6914421e947d5033415e18ac
[2025-12-18T18:19:34.062Z]  - 2025/9003107174 | file=IT01879020517A2025_hn1ze.xml.p7m | id=691411df910aab33c99eb637
[2025-12-18T18:19:34.062Z]  - 228/52 | file=IT03466010232_6UKh0.xml | id=6912e20ff05aea12821425b5
[2025-12-18T18:19:34.063Z]  - LA00376372 | file=IT12878470157_Nq51X.xml.p7m | id=6912d0be947d5033415b32ac
[2025-12-18T18:19:34.063Z]  - 00955 | file=IT10442360961ACB25_0S7yM.xml | id=69128a6b874d1b6e5a5842f7
[2025-12-18T18:19:34.063Z]  - 187/E | file=NL10209790152_KxnWQ.xml.p7m | id=691264b18b0e04fd4767a143
[2025-12-18T18:19:34.063Z]  - 19 | file=NL10209790152_Kw4b5.xml.p7m | id=690df3858b0e04fd4761cad2
[2025-12-18T18:19:34.063Z]  - 18 | file=NL10209790152_Kw4Wn.xml.p7m | id=690dd103e7681359227b7f48
[2025-12-18T18:19:34.063Z]  - 2087/CE | file=IT01879020517A2025_heQS8.xml.p7m | id=690c86fee9721544d83dc420
[2025-12-18T18:19:34.063Z]  - FPR 526/25 | file=IT01879020517A2025_heIqQ.xml.p7m | id=690c7c4f910aab33c99203fa
[2025-12-18T18:19:34.063Z]  - 1000253008768036 | file=IT01879020517A2025_hdWSC.xml.p7m | id=690c1e36980854437a2cc4ad
[2025-12-18T18:19:34.063Z]  - 2025-318723 | file=IT10442360961ACB25_0RQ3y.xml | id=690b24d2f1540901026662c2
[2025-12-18T18:19:34.063Z]  - 222/52 | file=IT03466010232_6TJmX.xml | id=690af601f05aea128206d8aa
[2025-12-18T18:19:34.063Z]  - 4600111036 | file=IT02098391200_6Afc6.xml.p7m | id=690a922d874d1b6e5a4b0d01
[2025-12-18T18:19:34.063Z]  - 1/1331 | file=SM03473_ExnBq.xml | id=690a5d655f29623f52e18a1c
[2025-12-18T18:19:34.063Z]  - 181/E | file=NL10209790152_Krwqx.xml.p7m | id=69089ae0e7681359226f4ff9
[2025-12-18T18:19:34.063Z]  - FPR 162/25 | file=IT01879020517A2025_gXbGO.xml.p7m | id=69083c41947d50334146d9a6
[2025-12-18T18:19:34.064Z]  - IT2770389 | file=IT06157670966_7BbRu.xml | id=69083b08f1540901025e35fa
[2025-12-18T18:19:34.064Z]  - 1/3818 | file=SM03473_EueP7.xml.p7m | id=690352ed980854437a1c45fa
[2025-12-18T18:19:34.064Z]  - 9 | file=NL10209790152_KoDB5.xml.p7m | id=6900b70ce9721544d8278707
[2025-12-18T18:19:34.064Z]  - 525490-2025/F | file=IT01879020517A2025_gL0Zx.xml.p7m | id=68fc4677947d503341371a72
[2025-12-18T18:19:34.064Z]  - 202590465725 | file=IT09247981005_GEHvE.xml.p7m | id=68fc3db3910aab33c97825bf
[2025-12-18T18:19:34.064Z]  - 2011235840 | file=IT01378570350_mwroy.xml | id=68fb7b15947d50334136070e
[2025-12-18T18:19:34.064Z]  - FPR 1792/25 | file=IT01879020517A2025_gK2h2.xml.p7m | id=68fb44b4f05aea1282eec113
[2025-12-18T18:19:34.064Z]  - 17 | file=NL10209790152_KlyLu.xml.p7m | id=68f9fd8ee52b292dda9bbbb6
[2025-12-18T18:19:34.064Z]  - 000000071190558T | file=IT0526289001425296_F7NNC.xml | id=68f981165f29623f52c6a5d9
[2025-12-18T18:19:34.064Z]  - 000000007404945D | file=IT0526289001425296_FC0H1.xml | id=68f9790ce52b292dda9aec29
[2025-12-18T18:19:34.064Z]  - 0000000016177985 | file=IT0526289001425296_F5JFJ.xml | id=68f96cc08e74db86ef5ec238
[2025-12-18T18:19:34.064Z]  - 1/15 | file=SM03473_EqOLm.xml | id=68f5fc86947d5033412cccc5
[2025-12-18T18:19:34.065Z]  - 525514454701 | file=IT12883420155_34VJo.xml | id=68ef9e938e74db86ef50b5a9
[2025-12-18T18:19:34.065Z]  - 16 | file=NL10209790152_KhosC.xml.p7m | id=68ef68435f29623f52b7bdc2
[2025-12-18T18:19:34.065Z]  - 80 | file=IT016417907022025H_0aqiJ.xml | id=68ee0609f05aea1282db1a16
[2025-12-18T18:19:34.065Z]  - 202590443941 | file=IT09247981005_GEBr7.xml.p7m | id=68edb929980854437afd053f
[2025-12-18T18:19:34.065Z]  - FPR 480/25 | file=IT01879020517A2025_g5pF6.xml.p7m | id=68ecedeb947d503341206a2e
[2025-12-18T18:19:34.065Z]  - 0200044-131025RBC | file=NL10209790152_KgJ2q.xml | id=68ece037e76813592246384d
[2025-12-18T18:19:34.065Z]  - 0200042-131025RBC | file=NL10209790152_KgJ2j.xml | id=68ece030980854437afb57ee
[2025-12-18T18:19:34.065Z]  - 0200046-131025RBC | file=NL10209790152_KgJ2v.xml | id=68ecde9e5f29623f52b2bc75
[2025-12-18T18:19:34.065Z]  - 0200049-131025RBC | file=NL10209790152_KgJ33.xml | id=68ecde95e768135922462b6c
[2025-12-18T18:19:34.065Z]  - 0200040-131025RBC | file=NL10209790152_KgJ2c.xml | id=68ecde8d910aab33c96161d7
[2025-12-18T18:19:34.065Z]  - 0200041-131025RBC | file=NL10209790152_KgJ2h.xml | id=68ecde8a980854437afb51a1
[2025-12-18T18:19:34.065Z]  - 0200047-131025RBC | file=NL10209790152_KgJ2x.xml | id=68ecd9f6e9721544d80c01be
[2025-12-18T18:19:34.065Z]  - 0200043-131025RBC | file=NL10209790152_KgJ2p.xml | id=68ecd9d5874d1b6e5a1cc6a8
[2025-12-18T18:19:34.065Z]  - 0200045-131025RBC | file=NL10209790152_KgJ2s.xml | id=68ecd9cae76813592246141f
[2025-12-18T18:19:34.066Z]  - 0200048-131025RBC | file=NL10209790152_KgJ30.xml | id=68ecd9c78e74db86ef4b5eb9
[2025-12-18T18:19:34.066Z]  - 1/1251 | file=SM03473_EmXAm.xml | id=68e7e07df05aea1282d218dd
[2025-12-18T18:19:34.262Z] Aruba page 2: trovate 100 fatture
[2025-12-18T18:19:34.262Z]  - 46 | file=NL10209790152_KdSL5.xml.p7m | id=68e66b0f947d503341166101
[2025-12-18T18:19:34.262Z]  - 405A | file=IT01879020517A2025_gwdLP.xml.p7m | id=68e5a1dd8e74db86ef3f6e13
[2025-12-18T18:19:34.262Z]  - 10 | file=IT12281740154Z0002_DJL3V.xml.p7m | id=68e5a162947d50334114a0d9
[2025-12-18T18:19:34.262Z]  - 00843 | file=IT10442360961ACB25_0OVQ0.xml | id=68e5a0aef154090102281dc4
[2025-12-18T18:19:34.263Z]  - 1846/CE | file=IT01879020517A2025_gvEZN.xml.p7m | id=68e537bcf05aea1282cc86fd
[2025-12-18T18:19:34.263Z]  - 2025-285956 | file=IT10442360961ACB25_0OFYT.xml | id=68e37dce980854437aea6e80
[2025-12-18T18:19:34.263Z]  - 823 | file=IT02994740617_823FF.xml | id=68e3713ef1540901022296e8
[2025-12-18T18:19:34.263Z]  - 822 | file=IT02994740617_822BI.xml | id=68e3713c947d5033410faa10
[2025-12-18T18:19:34.263Z]  - 4600098452 | file=IT02098391200_6xkax.xml.p7m | id=68e0f4e6874d1b6e5a09d001
[2025-12-18T18:19:34.263Z]  - IT2737229 | file=IT06157670966_7wNxv.xml | id=68df5b338b0e04fd4715e888
[2025-12-18T18:19:34.263Z]  - 125918494 | file=IT01378570350_miMv8.xml | id=68df1700910aab33c94a9df7
[2025-12-18T18:19:34.263Z]  - 163/E | file=NL10209790152_KXTne.xml.p7m | id=68dd3aa05f29623f52962850
[2025-12-18T18:19:34.263Z]  - 15 | file=NL10209790152_KXlyn.xml.p7m | id=68dd1fbc980854437adebd70
[2025-12-18T18:19:34.263Z]  - 2011218237 | file=IT01378570350_md9cJ.xml | id=68d66f0e910aab33c93aab32
[2025-12-18T18:19:34.263Z]  - 8 | file=NL10209790152_KUXKV.xml.p7m | id=68d66407874d1b6e5af56456
[2025-12-18T18:19:34.263Z]  - 196/52 | file=IT03466010232_6MBtW.xml | id=68d57bf28e74db86ef22d91d
[2025-12-18T18:19:34.263Z]  - 2025F001289169 | file=IT13378520152_OGNEF.xml | id=68d41d91f154090102081188
[2025-12-18T18:19:34.263Z]  - 02145 | file=IT12281740154Z0002_CXCFI.xml.p7m | id=68d33e7b8e74db86ef1f3c67
[2025-12-18T18:19:34.263Z]  - 1/1169 | file=SM03473_EeFdS.xml | id=68d2e65ef05aea1282acc277
[2025-12-18T18:19:34.263Z]  - 000000046018479P | file=IT0526289001425266_8TTAT.xml | id=68d1ee438b0e04fd47feb0da
[2025-12-18T18:19:34.263Z]  - 000000068651580T | file=IT0526289001425266_8VNSN.xml | id=68d1edc6f1540901020422d4
[2025-12-18T18:19:34.264Z]  - 000000006484402D | file=IT0526289001425266_8UQXG.xml | id=68d1ec6e947d503341f2fdae
[2025-12-18T18:19:34.264Z]  - IT50013IOO317I | file=IT08973230967_D67iL.xml | id=68cd47f18e74db86ef183d22
[2025-12-18T18:19:34.264Z]  - 195/52 | file=IT03466010232_6LIzw.xml | id=68ccfb03e52b292dda53bf6f
[2025-12-18T18:19:34.264Z]  - 28 | file=IT016417907022025D_09pMR.xml | id=68cc14c6e768135922119935
[2025-12-18T18:19:34.264Z]  - 334 | file=IT016417907022025Y_09o9B.xml | id=68cbf78ff05aea1282a4230e
[2025-12-18T18:19:34.264Z]  - 14 | file=NL10209790152_KPRU1.xml.p7m | id=68c924a4e7681359220c8e30
[2025-12-18T18:19:34.264Z]  - 184 | file=IT06628860964_eYpAT.xml.p7m | id=68c8305ae7681359220b522b
[2025-12-18T18:19:34.264Z]  - 69 | file=IT016417907022025y_09h6x.xml | id=68c7d7b0980854437abf761e
[2025-12-18T18:19:34.264Z]  - 378 | file=IT016417907022025i_09gb6.xml | id=68c6bcbee9721544d8d003e6
[2025-12-18T18:19:34.264Z]  - 200 | file=NL10209790152_KOAyP.xml.p7m | id=68c537bd8e74db86ef0c2db7
[2025-12-18T18:19:34.264Z]  - 1/1038 | file=SM03473_EaIoV.xml | id=68c4c10a874d1b6e5adda3fd
[2025-12-18T18:19:34.264Z]  - IT2715110 | file=IT06157670966_7tCtu.xml | id=68c3a1baf154090102f103b0
[2025-12-18T18:19:34.264Z]  - 0200039-110925RBC | file=NL10209790152_KN8qA.xml | id=68c36afbe52b292dda462832
[2025-12-18T18:19:34.264Z]  - 0200037-110925RBC | file=NL10209790152_KN8q7.xml | id=68c367ed8e74db86ef090d09
[2025-12-18T18:19:34.264Z]  - 0200038-110925RBC | file=NL10209790152_KN8q9.xml | id=68c366bd8b0e04fd47ec0aa7
[2025-12-18T18:19:34.264Z]  - 0200036-110925RBC | file=NL10209790152_KN8q4.xml | id=68c36493e9721544d8cb8809
[2025-12-18T18:19:34.264Z]  - 0200035-110925RBC | file=NL10209790152_KN8q2.xml | id=68c363298b0e04fd47ec0566
[2025-12-18T18:19:34.265Z]  - FPR 418/25 | file=IT01879020517A2025_fFXX0.xml.p7m | id=68bfd9e7f154090102ea4e07
[2025-12-18T18:19:34.265Z]  - LA00299144 | file=IT12878470157_JcM4Y.xml.p7m | id=68bf1a018b0e04fd47e4cf6c
[2025-12-18T18:19:34.265Z]  - FPR 416/25 | file=IT01879020517A2025_fEkhx.xml.p7m | id=68be874a910aab33c917596f
[2025-12-18T18:19:34.265Z]  - 184/52 | file=IT03466010232_6Jbmc.xml | id=68bc101a5f29623f5264f39a
[2025-12-18T18:19:34.265Z]  - 7 | file=NL10209790152_KJYyg.xml.p7m | id=68babfc4e52b292dda39bb41
[2025-12-18T18:19:34.265Z]  - 1/95 | file=SM03473_EX2mP.xml | id=68baba21f154090102e3ca8d
[2025-12-18T18:19:34.265Z]  - 2025-253714 | file=IT10442360961ACB25_0KrX7.xml | id=68ba97038b0e04fd47df3f22
[2025-12-18T18:19:34.265Z]  - 143/E | file=NL10209790152_KI7Ps.xml.p7m | id=68b81f55e52b292dda34cbf0
[2025-12-18T18:19:34.265Z]  - 34 | file=IT0164179070220250_08RmS.xml | id=68b7f9c75f29623f525cd793
[2025-12-18T18:19:34.265Z]  - 00704 | file=IT10442360961ACB25_0KZN0.xml | id=68b6e5cf910aab33c90bd3c2
[2025-12-18T18:19:34.265Z]  - 13 | file=NL10209790152_KH4Dj.xml.p7m | id=68b6b0e3e768135922efea9e
[2025-12-18T18:19:34.265Z]  - 12 | file=NL10209790152_KH3lc.xml.p7m | id=68b6b0135f29623f52596a38
[2025-12-18T18:19:34.265Z]  - 5 | file=IT02646430740_sd3wo.xml | id=68b67f99e52b292dda30ab1d
[2025-12-18T18:19:34.265Z]  - IT2706306 | file=IT06157670966_7sfUR.xml | id=68b6710e947d503341ca0930
[2025-12-18T18:19:34.265Z]  - 2025/9002299427 | file=IT01879020517A2025_f3ldP.xml.p7m | id=68b55700f05aea12827f9c3c
[2025-12-18T18:19:34.265Z]  - 2025/9002292371 | file=IT01879020517A2025_f21gc.xml.p7m | id=68b435a08e74db86efef3169
[2025-12-18T18:19:34.266Z]  - 719 | file=IT12281740154Z0002_BWOPW.xml.p7m | id=68b06ebcf154090102d30e4b
[2025-12-18T18:19:34.266Z]  - 1737 | file=IT03299820591_49EGK.xml.p7m | id=68b06a885f29623f5250f0c1
[2025-12-18T18:19:34.266Z]  - 67 | file=IT016417907022025f_08CSe.xml | id=68b017e3f154090102d26f24
[2025-12-18T18:19:34.266Z]  - 2011202159 | file=IT01378570350_mJhpD.xml | id=68af29138b0e04fd47cde687
[2025-12-18T18:19:34.266Z]  - FPR 14/25 | file=IT01879020517A2025_fyrDN.xml.p7m | id=68aec846f05aea12827883bc
[2025-12-18T18:19:34.266Z]  - 1704 | file=IT03299820591_47DQG.xml.p7m | id=68ad92ba947d503341beb450
[2025-12-18T18:19:34.266Z]  - 01-FT 12501720 | file=IT03301640482_Y98IE.xml.p7m | id=68ad7018e768135922e3cab4
[2025-12-18T18:19:34.266Z]  - 326 | file=IT016417907022025P_08z37.xml | id=68ac6f61910aab33c9fe1a1d
[2025-12-18T18:19:34.266Z]  - FPR 130/25 | file=IT01879020517A2025_fvjPa.xml.p7m | id=68a9d1f38e74db86efe46965
[2025-12-18T18:19:34.266Z]  - 000000005504628D | file=IT0526289001425235_2JKQN.xml | id=68a91220947d503341bb8347
[2025-12-18T18:19:34.266Z]  - 000000310016039P | file=IT0526289001425235_2H71L.xml | id=68a911b35f29623f524a1668
[2025-12-18T18:19:34.266Z]  - 0000000011686455 | file=IT0526289001425235_2H6VY.xml | id=68a90d5a947d503341bb7c12
[2025-12-18T18:19:34.266Z]  - 000000066374721T | file=IT0526289001425235_2GP5A.xml | id=68a90cf6910aab33c9fc1024
[2025-12-18T18:19:34.266Z]  - 525511574947 | file=IT12883420155_0IAJt.xml | id=68a4645b980854437a914af3
[2025-12-18T18:19:34.266Z]  - 295 | file=IT00626770663_00B1Q.xml.p7m | id=68a3b22af154090102c6f029
[2025-12-18T18:19:34.266Z]  - 54/25 | file=IT01917820704_00571.xml | id=68a1dca35f29623f52436892
[2025-12-18T18:19:34.266Z]  - 0200034-120825RBC | file=NL10209790152_KAdok.xml | id=689b40663148a3b7b1ff0ac0
[2025-12-18T18:19:34.267Z]  - IT2687559 | file=IT06157670966_7pdGA.xml | id=689ac0d84219a36d0539d169
[2025-12-18T18:19:34.267Z]  - CI25056862 | file=IT06784021211_0NS92.XML | id=68998a4c5f29623f523c0d7d
[2025-12-18T18:19:34.267Z]  - CI25056860 | file=IT06784021211_0NS8P.XML | id=68998a294219a36d0538255c
[2025-12-18T18:19:34.267Z]  - CI25056863 | file=IT06784021211_0NS8L.XML | id=68998a245f29623f523c0d23
[2025-12-18T18:19:34.267Z]  - 00024 | file=IT10442360961ACB25_0IXht.xml | id=6895f3e2f05aea1282635c7e
[2025-12-18T18:19:34.267Z]  - 00684 | file=IT10442360961ACB25_0IQis.xml | id=6894a8ce8e74db86efd02205
[2025-12-18T18:19:34.267Z]  - 0200031-060825RBC | file=NL10209790152_K7L1L.xml | id=689362f4e52b292dda0bf6f2
[2025-12-18T18:19:34.267Z]  - 0200032-060825RBC | file=NL10209790152_K7L1O.xml | id=689362ec8e74db86efcd2727
[2025-12-18T18:19:34.267Z]  - 0200033-060825RBC | file=NL10209790152_K7L1S.xml | id=6893627b6d0c2d07fba5b92e
[2025-12-18T18:19:34.267Z]  - 0200030-060825RBC | file=NL10209790152_K7L1H.xml | id=689362263148a3b7b1f3e70d
[2025-12-18T18:19:34.267Z]  - 4600079503 | file=IT02098391200_6s3Kf.xml.p7m | id=68923f869208399320e24145
[2025-12-18T18:19:34.267Z]  - 1/887 | file=SM03473_ELxCS.xml | id=6891ec296d0c2d07fba25ac4
[2025-12-18T18:19:34.267Z]  - 2025-224158 | file=IT10442360961ACB25_0Hzb4.xml | id=6891bdfee9721544d88da5f7
[2025-12-18T18:19:34.267Z]  - 25VC003331 | file=IT04839740489_PshFU.xml | id=68912b3c6d0c2d07fba0b523
[2025-12-18T18:19:34.267Z]  - 130/E | file=NL10209790152_K5ORB.xml.p7m | id=68911dde3300f5fe790ec12b
[2025-12-18T18:19:34.267Z]  - 11 | file=NL10209790152_K4wS9.xml.p7m | id=68908c178b0e04fd47abab57
[2025-12-18T18:19:34.267Z]  - 10 | file=NL10209790152_K4wLC.xml.p7m | id=68908b473148a3b7b1ed1fb0
[2025-12-18T18:19:34.267Z]  - IT2673182 | file=IT06157670966_7nSds.xml | id=688d9a5c3300f5fe790a04e2
[2025-12-18T18:19:34.267Z]  - 306/2025 | file=IT02366780803A2023_AN3E0.xml.p7m | id=6888dc674b1d031384c2d27b
[2025-12-18T18:19:34.267Z]  - 6 | file=NL10209790152_K09lH.xml.p7m | id=6888b1bd3148a3b7b1deba96
[2025-12-18T18:19:34.267Z]  - 15 | file=IT02688380811BNXBB_0006Y.xml.p7m | id=68875b509b4726ad93cf0808
[2025-12-18T18:19:34.267Z]  - 2011168843 | file=IT01378570350_m001q.xml | id=68832fad3300f5fe79f6ef3a
[2025-12-18T18:19:34.267Z]  - FB-25-0125 | file=IT01879020517A2025_eLwwK.xml.p7m | id=6882a0d39208399320c70608
[2025-12-18T18:19:34.267Z]  - 2025F000965932 | file=IT04839740489_PqYOJ.xml | id=6880ba613a46ed1e98894cea
[2025-12-18T18:19:34.267Z]  - 11 | file=IT05929800588_HV7YF.xml | id=6880a65d3148a3b7b1d3de44
[2025-12-18T18:19:34.267Z]  - 000000004809421D | file=IT0526289001425204_PUA22.xml | id=68803aa5eb6bd91ad2aaff04
[2025-12-18T18:19:34.267Z]  - 000000064061135T | file=IT0526289001425204_PTIN2.xml | id=688031444b1d031384b6bb4e
[2025-12-18T18:19:34.267Z]  - 0000000009555765 | file=IT0526289001425204_PSB21.xml | id=68802b686d0c2d07fb852bec
[2025-12-18T18:19:34.267Z]  - 000000310013195P | file=IT0526289001425204_PSB9Z.xml | id=6880283e3a46ed1e9888584e
[2025-12-18T18:19:34.267Z] 🔚 Aruba findByUsername completata: totale righe loggate=300
[2025-12-18T18:26:42.071Z] Aruba auth start
[2025-12-18T18:26:42.403Z] Aruba auth OK
[2025-12-18T18:27:27.375Z] Aruba auth start
[2025-12-18T18:27:27.605Z] Aruba auth OK
